[2026-05-20T22:36:04.202Z] [SUCCESS] 🌐 Servidor rodando em http://localhost:3000
[2026-05-20T22:55:36.067Z] [INFO] Agente 7 — Handler de Respostas iniciado (polling a cada 5min)
[2026-05-20T22:55:36.069Z] [WARN] Agente 7: credenciais Gmail não configuradas — rodando em modo mockado
[2026-05-20T22:55:36.070Z] [INFO] ⏰ Pipeline agendado: "0 8 * * *" (padrão: 08:00 todos os dias)
[2026-05-20T22:55:36.073Z] [INFO] Executando imediatamente via --run-now
[2026-05-20T22:55:36.074Z] [INFO] 🤖 Sales Bot iniciado e aguardando próximo ciclo agendado
[2026-05-20T22:55:36.074Z] [INFO] 🚀 Ciclo diário iniciado — 2026-05-20
[2026-05-20T22:55:36.074Z] [INFO] 
▶ Iniciando Agente 1 — Prospector
[2026-05-20T22:55:36.075Z] [INFO] Agente 1 — Prospector iniciado
[2026-05-20T22:55:36.231Z] [SUCCESS] Agente 1 concluído: 0 leads encontrados → /home/user/Agente-de-automa-o-/data/leads_2026-05-20.json
[2026-05-20T22:55:36.231Z] [SUCCESS] ✓ Agente 1 — Prospector concluído
[2026-05-20T22:55:36.231Z] [INFO] 
▶ Iniciando Agente 2 — Diagnosticador
[2026-05-20T22:55:36.231Z] [INFO] Agente 2 — Diagnosticador iniciado
[2026-05-20T22:55:36.231Z] [WARN] Nenhum lead encontrado para diagnosticar
[2026-05-20T22:55:36.232Z] [SUCCESS] ✓ Agente 2 — Diagnosticador concluído
[2026-05-20T22:55:36.232Z] [INFO] 
▶ Iniciando Agente 3 — Builder
[2026-05-20T22:55:36.232Z] [INFO] Agente 3 — Builder de Landing Page iniciado
[2026-05-20T22:55:36.232Z] [WARN] Nenhum diagnóstico para processar
[2026-05-20T22:55:36.232Z] [SUCCESS] ✓ Agente 3 — Builder concluído
[2026-05-20T22:55:36.232Z] [INFO] 
▶ Iniciando Agente 4 — Vídeo
[2026-05-20T22:55:36.232Z] [INFO] Agente 4 — Criador de Vídeo iniciado
[2026-05-20T22:55:36.232Z] [WARN] Nenhum diagnóstico para processar
[2026-05-20T22:55:36.232Z] [SUCCESS] ✓ Agente 4 — Vídeo concluído
[2026-05-20T22:55:36.232Z] [INFO] 
▶ Iniciando Agente 5 — Canal
[2026-05-20T22:55:36.232Z] [INFO] Agente 5 — Seletor de Canal e Gerador de Mensagem iniciado
[2026-05-20T22:55:36.232Z] [WARN] Nenhum diagnóstico para processar
[2026-05-20T22:55:36.232Z] [SUCCESS] ✓ Agente 5 — Canal concluído
[2026-05-20T22:55:36.233Z] [INFO] 
▶ Iniciando Agente 6 — Revisor
[2026-05-20T22:55:36.233Z] [INFO] Agente 6 — Revisor Anti-IA iniciado
[2026-05-20T22:55:36.233Z] [WARN] Nenhuma mensagem para revisar
[2026-05-20T22:55:36.233Z] [SUCCESS] ✓ Agente 6 — Revisor concluído
[2026-05-20T22:55:36.233Z] [INFO] Relatório salvo: /home/user/Agente-de-automa-o-/logs/relatorio_2026-05-20.json
[2026-05-20T22:55:36.233Z] [INFO] 📊 Relatório do dia 2026-05-20:
• Leads encontrados: 0
• Diagnosticados: 0
• Landing pages: 0
• Mensagens prontas: 0
• Tempo total: 0min
• Erros: 0
[2026-05-20T22:55:36.233Z] [SUCCESS] 🏁 Ciclo diário concluído em 0min
[2026-05-20T22:58:56.720Z] [INFO] Agente 7 — Handler de Respostas iniciado (polling a cada 5min)
[2026-05-20T22:58:56.722Z] [WARN] Agente 7: credenciais Gmail não configuradas — rodando em modo mockado
[2026-05-20T22:58:56.722Z] [INFO] ⏰ Pipeline agendado: "0 8 * * *" (padrão: 08:00 todos os dias)
[2026-05-20T22:58:56.726Z] [INFO] Executando imediatamente via --run-now
[2026-05-20T22:58:56.726Z] [INFO] 🤖 Sales Bot iniciado e aguardando próximo ciclo agendado
[2026-05-20T22:58:56.727Z] [INFO] 🚀 Ciclo diário iniciado — 2026-05-20
[2026-05-20T22:58:56.727Z] [INFO] 
▶ Iniciando Agente 1 — Prospector
[2026-05-20T22:58:56.727Z] [INFO] Agente 1 — Prospector iniciado
[2026-05-20T22:58:56.728Z] [WARN] GOOGLE_PLACES_API_KEY não configurada — usando dados mock para desenvolvimento
[2026-05-20T22:58:56.729Z] [SUCCESS] Agente 1 concluído: 5 leads encontrados → /home/user/Agente-de-automa-o-/data/leads_2026-05-20.json
[2026-05-20T22:58:56.729Z] [SUCCESS] ✓ Agente 1 — Prospector concluído
[2026-05-20T22:58:56.729Z] [INFO] 
▶ Iniciando Agente 2 — Diagnosticador
[2026-05-20T22:58:56.729Z] [INFO] Agente 2 — Diagnosticador iniciado
[2026-05-20T22:58:56.729Z] [INFO] Diagnosticando 5 leads
[2026-05-20T22:59:03.462Z] [INFO]   ✓ Imóveis Silva & Filhos → canal: linkedin
[2026-05-20T22:59:09.138Z] [INFO]   ✓ Construtora Horizonte → canal: linkedin
[2026-05-20T22:59:14.826Z] [INFO]   ✓ Clínica Sorria Mais → canal: email
[2026-05-20T22:59:20.690Z] [INFO]   ✓ Barbearia do Zé → canal: instagram
[2026-05-20T22:59:26.294Z] [INFO]   ✓ Salão da Dona Maria → canal: instagram
[2026-05-20T22:59:26.295Z] [SUCCESS] Agente 2 concluído: 5 diagnósticos → /home/user/Agente-de-automa-o-/data/diagnosticos_2026-05-20.json
[2026-05-20T22:59:26.295Z] [SUCCESS] ✓ Agente 2 — Diagnosticador concluído
[2026-05-20T22:59:26.295Z] [INFO] 
▶ Iniciando Agente 3 — Builder
[2026-05-20T22:59:26.295Z] [INFO] Agente 3 — Builder de Landing Page iniciado
[2026-05-20T22:59:26.296Z] [INFO]   Gerando landing page para Imóveis Silva & Filhos...
[2026-05-20T23:00:11.200Z] [WARN] NETLIFY_AUTH_TOKEN não configurado — pulando deploy
[2026-05-20T23:00:11.201Z] [INFO]   ✓ Imóveis Silva & Filhos → http://localhost:3000/pages/imoveis-silva-filhos
[2026-05-20T23:00:11.201Z] [INFO]   Gerando landing page para Construtora Horizonte...
[2026-05-20T23:00:53.136Z] [WARN] NETLIFY_AUTH_TOKEN não configurado — pulando deploy
[2026-05-20T23:00:53.136Z] [INFO]   ✓ Construtora Horizonte → http://localhost:3000/pages/construtora-horizonte
[2026-05-20T23:00:53.136Z] [INFO]   Gerando landing page para Clínica Sorria Mais...
[2026-05-20T23:01:43.914Z] [WARN] NETLIFY_AUTH_TOKEN não configurado — pulando deploy
[2026-05-20T23:01:43.914Z] [INFO]   ✓ Clínica Sorria Mais → http://localhost:3000/pages/clinica-sorria-mais
[2026-05-20T23:01:43.914Z] [INFO]   Gerando landing page para Barbearia do Zé...
[2026-05-20T23:02:28.503Z] [WARN] NETLIFY_AUTH_TOKEN não configurado — pulando deploy
[2026-05-20T23:02:28.503Z] [INFO]   ✓ Barbearia do Zé → http://localhost:3000/pages/barbearia-do-ze
[2026-05-20T23:02:28.503Z] [INFO]   Gerando landing page para Salão da Dona Maria...
[2026-05-20T23:03:10.830Z] [WARN] NETLIFY_AUTH_TOKEN não configurado — pulando deploy
[2026-05-20T23:03:10.830Z] [INFO]   ✓ Salão da Dona Maria → http://localhost:3000/pages/salao-da-dona-maria
[2026-05-20T23:03:10.830Z] [SUCCESS] Agente 3 concluído: 5 landing pages geradas
[2026-05-20T23:03:10.830Z] [SUCCESS] ✓ Agente 3 — Builder concluído
[2026-05-20T23:03:10.830Z] [INFO] 
▶ Iniciando Agente 4 — Vídeo
[2026-05-20T23:03:10.831Z] [INFO] Agente 4 — Criador de Vídeo iniciado
[2026-05-20T23:03:10.831Z] [INFO]   Gerando vídeo para Imóveis Silva & Filhos...
[2026-05-20T23:03:31.415Z] [WARN] ffmpeg indisponível ou sem screenshots para Imóveis Silva & Filhos — vídeo não gerado
[2026-05-20T23:03:31.416Z] [WARN]   ⚠ Vídeo não gerado para Imóveis Silva & Filhos
[2026-05-20T23:03:31.416Z] [INFO]   Gerando vídeo para Construtora Horizonte...
[2026-05-20T23:03:33.512Z] [WARN] ffmpeg indisponível ou sem screenshots para Construtora Horizonte — vídeo não gerado
[2026-05-20T23:03:33.512Z] [WARN]   ⚠ Vídeo não gerado para Construtora Horizonte
[2026-05-20T23:03:33.512Z] [INFO]   Gerando vídeo para Clínica Sorria Mais...
[2026-05-20T23:03:35.533Z] [WARN] ffmpeg indisponível ou sem screenshots para Clínica Sorria Mais — vídeo não gerado
[2026-05-20T23:03:35.533Z] [WARN]   ⚠ Vídeo não gerado para Clínica Sorria Mais
[2026-05-20T23:03:35.533Z] [INFO]   Gerando vídeo para Barbearia do Zé...
[2026-05-20T23:03:37.561Z] [WARN] ffmpeg indisponível ou sem screenshots para Barbearia do Zé — vídeo não gerado
[2026-05-20T23:03:37.561Z] [WARN]   ⚠ Vídeo não gerado para Barbearia do Zé
[2026-05-20T23:03:37.561Z] [INFO]   Gerando vídeo para Salão da Dona Maria...
[2026-05-20T23:03:39.561Z] [WARN] ffmpeg indisponível ou sem screenshots para Salão da Dona Maria — vídeo não gerado
[2026-05-20T23:03:39.561Z] [WARN]   ⚠ Vídeo não gerado para Salão da Dona Maria
[2026-05-20T23:03:39.561Z] [SUCCESS] Agente 4 concluído
[2026-05-20T23:03:39.561Z] [SUCCESS] ✓ Agente 4 — Vídeo concluído
[2026-05-20T23:03:39.561Z] [INFO] 
▶ Iniciando Agente 5 — Canal
[2026-05-20T23:03:39.562Z] [INFO] Agente 5 — Seletor de Canal e Gerador de Mensagem iniciado
[2026-05-20T23:03:39.562Z] [INFO]   Gerando mensagem linkedin para Imóveis Silva & Filhos...
[2026-05-20T23:03:44.671Z] [INFO]   ✓ Imóveis Silva & Filhos → canal linkedin
[2026-05-20T23:03:44.671Z] [INFO]   Gerando mensagem linkedin para Construtora Horizonte...
[2026-05-20T23:03:48.818Z] [INFO]   ✓ Construtora Horizonte → canal linkedin
[2026-05-20T23:03:48.819Z] [INFO]   Gerando mensagem email para Clínica Sorria Mais...
[2026-05-20T23:03:55.766Z] [INFO]   ✓ Clínica Sorria Mais → canal email
[2026-05-20T23:03:55.766Z] [INFO]   Gerando mensagem instagram para Barbearia do Zé...
[2026-05-20T23:03:59.303Z] [INFO]   ✓ Barbearia do Zé → canal instagram
[2026-05-20T23:03:59.303Z] [INFO]   Gerando mensagem instagram para Salão da Dona Maria...
[2026-05-20T23:04:02.960Z] [INFO]   ✓ Salão da Dona Maria → canal instagram
[2026-05-20T23:04:02.961Z] [SUCCESS] Agente 5 concluído: 5 mensagens geradas → /home/user/Agente-de-automa-o-/data/mensagens_2026-05-20.json
[2026-05-20T23:04:02.961Z] [SUCCESS] ✓ Agente 5 — Canal concluído
[2026-05-20T23:04:02.961Z] [INFO] 
▶ Iniciando Agente 6 — Revisor
[2026-05-20T23:04:02.961Z] [INFO] Agente 6 — Revisor Anti-IA iniciado
[2026-05-20T23:04:02.961Z] [INFO]   Revisando mensagem para Imóveis Silva & Filhos...
[2026-05-20T23:04:02.962Z] [INFO]   ✓ Imóveis Silva & Filhos — score: 95
[2026-05-20T23:04:02.962Z] [INFO]   Revisando mensagem para Construtora Horizonte...
[2026-05-20T23:04:02.962Z] [INFO]   ✓ Construtora Horizonte — score: 95
[2026-05-20T23:04:02.962Z] [INFO]   Revisando mensagem para Clínica Sorria Mais...
[2026-05-20T23:04:02.962Z] [INFO]   ✓ Clínica Sorria Mais — score: 95
[2026-05-20T23:04:02.962Z] [INFO]   Revisando mensagem para Barbearia do Zé...
[2026-05-20T23:04:02.962Z] [INFO]   ✓ Barbearia do Zé — score: 95
[2026-05-20T23:04:02.963Z] [INFO]   Revisando mensagem para Salão da Dona Maria...
[2026-05-20T23:04:02.963Z] [INFO]   ✓ Salão da Dona Maria — score: 95
[2026-05-20T23:04:02.963Z] [SUCCESS] Agente 6 concluído: 5 mensagens prontas para aprovação
[2026-05-20T23:04:02.963Z] [SUCCESS] ✓ Agente 6 — Revisor concluído
[2026-05-20T23:04:02.964Z] [INFO] Relatório salvo: /home/user/Agente-de-automa-o-/logs/relatorio_2026-05-20.json
[2026-05-20T23:04:02.964Z] [INFO] 📊 Relatório do dia 2026-05-20:
• Leads encontrados: 5
• Diagnosticados: 5
• Landing pages: 5
• Mensagens prontas: 5
• Tempo total: 5min
• Erros: 0
[2026-05-20T23:04:02.964Z] [SUCCESS] 🏁 Ciclo diário concluído em 5min
[2026-05-20T23:04:17.714Z] [SUCCESS] 🌐 Servidor rodando em http://localhost:3000
